data/forecast_output.csv
date,store_id,city,product_id,category,units_sold,sell_price,promotion_flag,snap_flag,revenue,day_of_week,week_of_year,month,lag_1_units,lag_7_units,rolling_7_units,forecast_units,forecast_error,stockout_risk_flag
2026-01-06,S004,Bengaluru,P300,HOBBIES_1,153,249,0,0,38097,1,2,1,382.0,382.0,382.0,175,-22,0
2026-01-08,S004,Bengaluru,P300,HOBBIES_1,161,249,0,0,40089,3,2,1,153.0,382.0,153.0,179,-18,1
2026-01-10,S004,Bengaluru,P300,HOBBIES_1,127,249,0,0,31623,5,2,1,161.0,382.0,157.0,163,-36,0
2026-01-12,S004,Bengaluru,P300,HOBBIES_1,221,249,0,0,55029,0,3,1,127.0,382.0,147.0,201,20,1
2026-01-22,S004,Bengaluru,P300,HOBBIES_1,187,239,1,0,44693,3,4,1,221.0,382.0,165.5,198,-11,1
2026-01-24,S004,Bengaluru,P300,HOBBIES_1,140,249,0,0,34860,5,4,1,187.0,382.0,169.8,170,-30,0
2026-01-26,S004,Bengaluru,P300,HOBBIES_1,170,249,0,0,42330,0,5,1,140.0,382.0,164.83333333333334,196,-26,1
2026-01-28,S004,Bengaluru,P300,HOBBIES_1,257,239,1,0,61423,2,5,1,170.0,153.0,165.57142857142858,228,29,1
2026-02-07,S004,Bengaluru,P300,HOBBIES_1,253,249,0,0,62997,5,6,2,257.0,161.0,180.42857142857142,213,40,1
2026-02-09,S004,Bengaluru,P300,HOBBIES_1,174,249,0,0,43326,0,7,2,253.0,127.0,193.57142857142858,194,-20,0
2026-02-11,S004,Bengaluru,P300,HOBBIES_1,217,239,1,0,51863,2,7,2,174.0,221.0,200.28571428571428,190,27,0
2026-02-13,S004,Bengaluru,P300,HOBBIES_1,157,249,0,0,39093,4,7,2,217.0,187.0,199.71428571428572,166,-9,0
2026-01-10,S004,Bengaluru,P400,FOODS_2,561,89,0,0,49929,5,2,1,382.0,382.0,382.0,552,9,1
2026-01-12,S004,Bengaluru,P400,FOODS_2,551,89,0,0,49039,0,3,1,561.0,382.0,561.0,548,3,0
2026-01-14,S004,Bengaluru,P400,FOODS_2,601,79,1,0,47479,2,3,1,551.0,382.0,556.0,594,7,0
2026-01-16,S004,Bengaluru,P400,FOODS_2,570,89,0,0,50730,4,3,1,601.0,382.0,571.0,548,22,0
2026-01-26,S004,Bengaluru,P400,FOODS_2,540,89,0,0,48060,0,5,1,570.0,382.0,570.75,538,2,0
2026-01-28,S004,Bengaluru,P400,FOODS_2,550,79,1,0,43450,2,5,1,540.0,382.0,564.6,591,-41,0
2026-01-30,S004,Bengaluru,P400,FOODS_2,513,89,0,0,45657,4,5,1,550.0,382.0,562.1666666666666,517,-4,0
2026-02-01,S004,Bengaluru,P400,FOODS_2,542,89,0,0,48238,6,5,2,513.0,561.0,555.1428571428571,524,18,0
2026-02-11,S004,Bengaluru,P400,FOODS_2,488,89,0,0,43432,2,7,2,542.0,551.0,552.4285714285714,512,-24,0
2026-02-13,S004,Bengaluru,P400,FOODS_2,561,89,0,0,49929,4,7,2,488.0,601.0,543.4285714285714,530,31,0
2026-02-15,S004,Bengaluru,P400,FOODS_2,518,89,0,0,46102,6,7,2,561.0,570.0,537.7142857142857,524,-6,0
2026-02-17,S004,Bengaluru,P400,FOODS_2,535,89,0,0,47615,1,8,2,518.0,540.0,530.2857142857143,533,2,0
